{
  "version": "1.5.0",
  "plugins_used": [
    {
      "name": "ArtifactoryDetector"
    },
    {
      "name": "AWSKeyDetector"
    },
    {
      "name": "AzureStorageKeyDetector"
    },
    {
      "name": "Base64HighEntropyString",
      "limit": 4.5
    },
    {
      "name": "BasicAuthDetector"
    },
    {
      "name": "CloudantDetector"
    },
    {
      "name": "DiscordBotTokenDetector"
    },
    {
      "name": "GitHubTokenDetector"
    },
    {
      "name": "GitLabTokenDetector"
    },
    {
      "name": "HexHighEntropyString",
      "limit": 3.0
    },
    {
      "name": "IbmCloudIamDetector"
    },
    {
      "name": "IbmCosHmacDetector"
    },
    {
      "name": "IPPublicDetector"
    },
    {
      "name": "JwtTokenDetector"
    },
    {
      "name": "KeywordDetector",
      "keyword_exclude": ""
    },
    {
      "name": "MailchimpDetector"
    },
    {
      "name": "NpmDetector"
    },
    {
      "name": "OpenAIDetector"
    },
    {
      "name": "PrivateKeyDetector"
    },
    {
      "name": "PypiTokenDetector"
    },
    {
      "name": "SendGridDetector"
    },
    {
      "name": "SlackDetector"
    },
    {
      "name": "SoftlayerDetector"
    },
    {
      "name": "SquareOAuthDetector"
    },
    {
      "name": "StripeDetector"
    },
    {
      "name": "TelegramBotTokenDetector"
    },
    {
      "name": "TwilioKeyDetector"
    }
  ],
  "filters_used": [
    {
      "path": "detect_secrets.filters.allowlist.is_line_allowlisted"
    },
    {
      "path": "detect_secrets.filters.common.is_baseline_file",
      "filename": ".secrets.baseline"
    },
    {
      "path": "detect_secrets.filters.common.is_ignored_due_to_verification_policies",
      "min_level": 2
    },
    {
      "path": "detect_secrets.filters.heuristic.is_indirect_reference"
    },
    {
      "path": "detect_secrets.filters.heuristic.is_likely_id_string"
    },
    {
      "path": "detect_secrets.filters.heuristic.is_lock_file"
    },
    {
      "path": "detect_secrets.filters.heuristic.is_not_alphanumeric_string"
    },
    {
      "path": "detect_secrets.filters.heuristic.is_potential_uuid"
    },
    {
      "path": "detect_secrets.filters.heuristic.is_prefixed_with_dollar_sign"
    },
    {
      "path": "detect_secrets.filters.heuristic.is_sequential_string"
    },
    {
      "path": "detect_secrets.filters.heuristic.is_swagger_file"
    },
    {
      "path": "detect_secrets.filters.heuristic.is_templated_secret"
    }
  ],
  "results": {
    ".github/workflows/test-proxmox-image.yaml": [
      {
        "type": "Hex High Entropy String",
        "filename": ".github/workflows/test-proxmox-image.yaml",
        "hashed_secret": "2de1f9e2942b0740208d1734c329ba1f5d79f141",
        "is_verified": false,
        "line_number": 27
      }
    ],
    "packaging/melange/aardvark-dns.yaml": [
      {
        "type": "Hex High Entropy String",
        "filename": "packaging/melange/aardvark-dns.yaml",
        "hashed_secret": "c9e39b36b0660d42dedc44226a6e3b4989a3de58",
        "is_verified": false,
        "line_number": 37
      }
    ],
    "packaging/melange/buildah.yaml": [
      {
        "type": "Hex High Entropy String",
        "filename": "packaging/melange/buildah.yaml",
        "hashed_secret": "d056862820d04b005e276e5ce590917ce82d43e5",
        "is_verified": false,
        "line_number": 51
      }
    ],
    "packaging/melange/catatonit.yaml": [
      {
        "type": "Hex High Entropy String",
        "filename": "packaging/melange/catatonit.yaml",
        "hashed_secret": "e24fa8275dcde0e182a8ca9c07b3281ad5f2c8cc",
        "is_verified": false,
        "line_number": 50
      }
    ],
    "packaging/melange/netavark.yaml": [
      {
        "type": "Hex High Entropy String",
        "filename": "packaging/melange/netavark.yaml",
        "hashed_secret": "f68eebc5f2830d5624daf1b69cd7e3a59be381b1",
        "is_verified": false,
        "line_number": 64
      }
    ],
    "packaging/melange/podman.yaml": [
      {
        "type": "Hex High Entropy String",
        "filename": "packaging/melange/podman.yaml",
        "hashed_secret": "1f76b5e36343f240c1b564784213346c51cdcf9b",
        "is_verified": false,
        "line_number": 70
      }
    ],
    "packaging/proxmox/Containerfile": [
      {
        "type": "Hex High Entropy String",
        "filename": "packaging/proxmox/Containerfile",
        "hashed_secret": "23d1237e6c1b90d53b4a2ce03b6e9239a6db4407",
        "is_verified": false,
        "line_number": 102
      }
    ],
    "packaging/proxmox/image/entrypoint.sh": [
      {
        "type": "Secret Keyword",
        "filename": "packaging/proxmox/image/entrypoint.sh",
        "hashed_secret": "dc76e9f0c0006e8f919e0c515c66dbba3982f785",
        "is_verified": false,
        "line_number": 60
      }
    ]
  },
  "generated_at": "2026-08-14T00:03:41Z"
}
